Information: Updating graph... (UID-83)
Warning: Design 'sha256_chip' contains 1 high-fanout nets. A fanout number of 1000 will be used for delay calculations involving these nets. (TIM-134)
Information: Updating design information... (UID-85)
Warning: Design 'sha256_chip' contains 1 high-fanout nets. A fanout number of 1000 will be used for delay calculations involving these nets. (TIM-134)
 
****************************************
Report : constraint
        -all_violators
Design : sha256_chip
Version: D-2010.03-SP5-3
Date   : Thu Mar 21 09:03:45 2019
****************************************


   max_delay/setup ('clk' group)

                             Required        Actual
   Endpoint                 Path Delay     Path Delay        Slack
   -----------------------------------------------------------------
   inst_top/our_hash_core/E_reg_31_/D
                               13.58          15.37 f        -1.79  (VIOLATED)
   inst_top/our_hash_core/E_reg_30_/D
                               13.59          15.35 f        -1.77  (VIOLATED)
   inst_top/our_hash_core/E_reg_29_/D
                               13.58          15.28 f        -1.69  (VIOLATED)
   inst_top/our_hash_core/A_reg_31_/D
                               13.59          15.26 f        -1.67  (VIOLATED)
   inst_top/our_hash_core/E_reg_28_/D
                               13.49          15.14 f        -1.65  (VIOLATED)
   inst_top/our_hash_core/A_reg_29_/D
                               13.57          15.19 f        -1.61  (VIOLATED)
   inst_top/our_hash_core/A_reg_30_/D
                               13.58          15.19 f        -1.61  (VIOLATED)
   inst_top/our_hash_core/A_reg_28_/D
                               13.57          15.09 f        -1.51  (VIOLATED)
   inst_top/our_hash_core/A_reg_27_/D
                               13.49          14.98 f        -1.49  (VIOLATED)
   inst_top/our_hash_core/A_reg_26_/D
                               13.48          14.98 f        -1.49  (VIOLATED)
   inst_top/our_hash_core/B_reg_31_/D
                               13.55          14.96 f        -1.41  (VIOLATED)
   inst_top/our_hash_core/D_reg_31_/D
                               13.55          14.96 f        -1.41  (VIOLATED)
   inst_top/our_hash_core/F_reg_31_/D
                               13.55          14.94 f        -1.39  (VIOLATED)
   inst_top/our_message_schedule/Wt_reg_31_/D
                               13.58          14.97 f        -1.39  (VIOLATED)
   inst_top/our_hash_core/G_reg_31_/D
                               13.57          14.96 f        -1.38  (VIOLATED)
   inst_top/our_hash_core/C_reg_31_/D
                               13.58          14.97 f        -1.38  (VIOLATED)
   inst_top/our_hash_core/E_reg_25_/D
                               13.50          14.88 f        -1.38  (VIOLATED)
   inst_top/our_hash_core/D_reg_30_/D
                               13.56          14.94 f        -1.38  (VIOLATED)
   inst_top/our_hash_core/C_reg_30_/D
                               13.56          14.92 f        -1.36  (VIOLATED)
   inst_top/our_hash_core/E_reg_27_/D
                               13.50          14.84 f        -1.34  (VIOLATED)
   inst_top/our_message_schedule/Wt_reg_30_/D
                               13.58          14.90 f        -1.33  (VIOLATED)
   inst_top/our_hash_core/A_reg_25_/D
                               13.48          14.80 f        -1.32  (VIOLATED)
   inst_top/our_hash_core/E_reg_26_/D
                               13.49          14.80 f        -1.31  (VIOLATED)
   inst_top/our_hash_core/B_reg_30_/D
                               13.56          14.85 f        -1.29  (VIOLATED)
   inst_top/our_hash_core/E_reg_23_/D
                               13.57          14.86 f        -1.29  (VIOLATED)
   inst_top/our_hash_core/A_reg_24_/D
                               13.48          14.75 f        -1.27  (VIOLATED)
   inst_top/our_message_schedule/Wt_reg_28_/D
                               13.58          14.81 f        -1.24  (VIOLATED)
   inst_top/our_hash_core/H_reg_31_/D
                               13.56          14.80 f        -1.23  (VIOLATED)
   inst_top/our_hash_core/H_reg_30_/D
                               13.53          14.71 f        -1.19  (VIOLATED)
   inst_top/our_hash_core/C_reg_29_/D
                               13.55          14.69 f        -1.15  (VIOLATED)
   inst_top/our_hash_core/G_reg_30_/D
                               13.57          14.70 f        -1.13  (VIOLATED)
   inst_top/our_message_schedule/Wt_reg_29_/D
                               13.57          14.65 f        -1.07  (VIOLATED)
   inst_top/our_hash_core/F_reg_30_/D
                               13.57          14.64 f        -1.07  (VIOLATED)
   inst_top/our_hash_core/D_reg_29_/D
                               13.55          14.60 f        -1.05  (VIOLATED)
   inst_top/our_hash_core/B_reg_29_/D
                               13.54          14.59 f        -1.04  (VIOLATED)
   inst_top/our_hash_core/H_reg_29_/D
                               13.56          14.53 f        -0.98  (VIOLATED)
   inst_top/our_hash_core/A_reg_23_/D
                               13.48          14.37 f        -0.89  (VIOLATED)
   inst_top/our_hash_core/G_reg_29_/D
                               13.64          14.51 f        -0.87  (VIOLATED)
   inst_top/our_hash_core/E_reg_21_/D
                               13.48          14.34 f        -0.86  (VIOLATED)
   inst_top/our_message_schedule/Wt_reg_26_/D
                               13.58          14.42 f        -0.84  (VIOLATED)
   inst_top/our_hash_core/D_reg_28_/D
                               13.56          14.40 f        -0.83  (VIOLATED)
   inst_top/our_hash_core/E_reg_22_/D
                               13.48          14.31 f        -0.83  (VIOLATED)
   inst_top/our_hash_core/E_reg_24_/D
                               13.57          14.36 f        -0.80  (VIOLATED)
   inst_top/our_hash_core/B_reg_28_/D
                               13.54          14.33 f        -0.78  (VIOLATED)
   inst_top/our_hash_core/F_reg_29_/D
                               13.65          14.38 f        -0.72  (VIOLATED)
   inst_top/our_hash_core/F_reg_28_/D
                               13.62          14.33 f        -0.71  (VIOLATED)
   inst_top/our_hash_core/F_reg_25_/D
                               13.63          14.32 f        -0.69  (VIOLATED)
   inst_top/our_message_schedule/Wt_reg_27_/D
                               13.57          14.25 f        -0.68  (VIOLATED)
   inst_top/our_hash_core/C_reg_4_/D
                               13.45          14.04 f        -0.59  (VIOLATED)
   inst_top/our_hash_core/A_reg_22_/D
                               13.48          14.06 f        -0.58  (VIOLATED)
   inst_top/our_hash_core/C_reg_1_/D
                               13.46          14.01 f        -0.55  (VIOLATED)
   inst_top/our_hash_core/C_reg_28_/D
                               13.63          14.17 f        -0.54  (VIOLATED)
   inst_top/our_hash_core/F_reg_27_/D
                               13.63          14.16 f        -0.52  (VIOLATED)
   inst_top/our_hash_core/E_reg_19_/D
                               13.48          13.96 f        -0.48  (VIOLATED)
   inst_top/our_hash_core/A_reg_20_/D
                               13.48          13.94 f        -0.46  (VIOLATED)
   inst_top/our_hash_core/H_reg_28_/D
                               13.53          13.98 f        -0.45  (VIOLATED)
   inst_top/our_hash_core/A_reg_19_/D
                               13.48          13.91 f        -0.43  (VIOLATED)
   inst_top/our_hash_core/H_reg_0_/D
                               13.43          13.85 f        -0.42  (VIOLATED)
   inst_top/our_hash_core/H_reg_3_/D
                               13.43          13.85 f        -0.42  (VIOLATED)
   inst_top/our_hash_core/H_reg_4_/D
                               13.43          13.85 f        -0.42  (VIOLATED)
   inst_top/our_hash_core/G_reg_28_/D
                               13.62          14.04 f        -0.42  (VIOLATED)
   inst_top/our_hash_core/B_reg_17_/D
                               13.63          14.02 f        -0.39  (VIOLATED)
   inst_top/our_hash_core/B_reg_18_/D
                               13.63          14.02 f        -0.39  (VIOLATED)
   inst_top/our_hash_core/B_reg_21_/D
                               13.63          14.02 f        -0.39  (VIOLATED)
   inst_top/our_hash_core/B_reg_22_/D
                               13.63          14.02 f        -0.39  (VIOLATED)
   inst_top/our_hash_core/B_reg_16_/D
                               13.63          14.02 f        -0.38  (VIOLATED)
   inst_top/our_hash_core/B_reg_27_/D
                               13.63          14.02 f        -0.38  (VIOLATED)
   inst_top/our_hash_core/H_reg_10_/D
                               13.44          13.83 f        -0.38  (VIOLATED)
   inst_top/our_hash_core/H0_reg_20_/D
                               13.47          13.84 f        -0.36  (VIOLATED)
   inst_top/our_hash_core/H1_reg_3_/D
                               13.47          13.84 f        -0.36  (VIOLATED)
   inst_top/our_hash_core/H1_reg_20_/D
                               13.47          13.84 f        -0.36  (VIOLATED)
   inst_top/our_hash_core/H1_reg_26_/D
                               13.47          13.84 f        -0.36  (VIOLATED)
   inst_top/our_hash_core/H2_reg_20_/D
                               13.47          13.84 f        -0.36  (VIOLATED)
   inst_top/our_hash_core/H3_reg_11_/D
                               13.47          13.84 f        -0.36  (VIOLATED)
   inst_top/our_hash_core/H4_reg_15_/D
                               13.47          13.84 f        -0.36  (VIOLATED)
   inst_top/our_hash_core/H4_reg_20_/D
                               13.47          13.84 f        -0.36  (VIOLATED)
   inst_top/our_hash_core/H4_reg_21_/D
                               13.47          13.84 f        -0.36  (VIOLATED)
   inst_top/our_hash_core/H5_reg_26_/D
                               13.47          13.84 f        -0.36  (VIOLATED)
   inst_top/our_hash_core/C_reg_8_/D
                               13.62          13.98 r        -0.35  (VIOLATED)
   inst_top/our_hash_core/E_reg_15_/D
                               13.48          13.83 f        -0.35  (VIOLATED)
   inst_top/our_hash_core/C_reg_7_/D
                               13.47          13.81 f        -0.34  (VIOLATED)
   inst_top/our_hash_core/C_reg_15_/D
                               13.68          14.01 r        -0.33  (VIOLATED)
   inst_top/our_hash_core/H7_reg_2_/D
                               13.47          13.80 f        -0.32  (VIOLATED)
   inst_top/our_hash_core/H7_reg_5_/D
                               13.47          13.80 f        -0.32  (VIOLATED)
   inst_top/our_hash_core/C_reg_9_/D
                               13.63          13.95 r        -0.32  (VIOLATED)
   inst_top/our_hash_core/C_reg_13_/D
                               13.63          13.95 r        -0.32  (VIOLATED)
   inst_top/our_hash_core/C_reg_5_/D
                               13.63          13.95 r        -0.32  (VIOLATED)
   inst_top/our_hash_core/C_reg_6_/D
                               13.63          13.95 r        -0.32  (VIOLATED)
   inst_top/our_hash_core/A_reg_21_/D
                               13.71          14.02 r        -0.30  (VIOLATED)
   inst_top/our_hash_core/D_reg_27_/D
                               13.64          13.94 f        -0.30  (VIOLATED)
   inst_top/our_hash_core/E_reg_18_/D
                               13.48          13.77 f        -0.29  (VIOLATED)
   inst_top/our_hash_core/B_reg_25_/D
                               13.63          13.91 f        -0.28  (VIOLATED)
   inst_top/our_hash_core/B_reg_24_/D
                               13.63          13.91 f        -0.28  (VIOLATED)
   inst_top/our_hash_core/C_reg_18_/D
                               13.70          13.97 r        -0.27  (VIOLATED)
   inst_top/our_hash_core/C_reg_17_/D
                               13.70          13.97 r        -0.26  (VIOLATED)
   inst_top/our_hash_core/C_reg_19_/D
                               13.70          13.96 r        -0.26  (VIOLATED)
   inst_top/our_hash_core/C_reg_27_/D
                               13.63          13.89 f        -0.26  (VIOLATED)
   inst_top/our_hash_core/C_reg_14_/D
                               13.70          13.96 r        -0.26  (VIOLATED)
   inst_top/our_hash_core/C_reg_12_/D
                               13.70          13.96 r        -0.25  (VIOLATED)
   inst_top/our_hash_core/G_reg_16_/D
                               13.61          13.86 f        -0.25  (VIOLATED)
   inst_top/our_hash_core/G_reg_17_/D
                               13.61          13.86 f        -0.25  (VIOLATED)
   inst_top/our_hash_core/H_reg_8_/D
                               13.61          13.86 f        -0.25  (VIOLATED)
   inst_top/our_hash_core/H6_reg_9_/D
                               13.57          13.81 f        -0.23  (VIOLATED)
   inst_top/our_hash_core/H6_reg_13_/D
                               13.57          13.81 f        -0.23  (VIOLATED)
   inst_top/our_hash_core/H6_reg_18_/D
                               13.57          13.81 f        -0.23  (VIOLATED)
   inst_top/our_hash_core/H6_reg_19_/D
                               13.57          13.81 f        -0.23  (VIOLATED)
   inst_top/our_hash_core/H6_reg_20_/D
                               13.57          13.81 f        -0.23  (VIOLATED)
   inst_top/our_hash_core/H6_reg_21_/D
                               13.57          13.81 f        -0.23  (VIOLATED)
   inst_top/our_hash_core/H7_reg_9_/D
                               13.57          13.81 f        -0.23  (VIOLATED)
   inst_top/our_hash_core/H7_reg_13_/D
                               13.57          13.81 f        -0.23  (VIOLATED)
   inst_top/our_hash_core/H7_reg_17_/D
                               13.57          13.81 f        -0.23  (VIOLATED)
   inst_top/our_hash_core/H7_reg_18_/D
                               13.57          13.81 f        -0.23  (VIOLATED)
   inst_top/our_hash_core/H7_reg_20_/D
                               13.57          13.81 f        -0.23  (VIOLATED)
   inst_top/our_hash_core/E_reg_20_/D
                               13.48          13.72 f        -0.23  (VIOLATED)
   inst_top/our_hash_core/C_reg_3_/D
                               13.48          13.71 f        -0.22  (VIOLATED)
   inst_top/our_hash_core/B_reg_1_/D
                               13.47          13.69 f        -0.21  (VIOLATED)
   inst_top/our_hash_core/H2_reg_23_/D
                               13.66          13.85 f        -0.19  (VIOLATED)
   inst_top/our_hash_core/H3_reg_23_/D
                               13.66          13.85 f        -0.19  (VIOLATED)
   inst_top/our_hash_core/H3_reg_25_/D
                               13.66          13.85 f        -0.19  (VIOLATED)
   inst_top/our_hash_core/H4_reg_10_/D
                               13.66          13.85 f        -0.19  (VIOLATED)
   inst_top/our_hash_core/H0_reg_0_/D
                               13.71          13.90 r        -0.18  (VIOLATED)
   inst_top/our_hash_core/H0_reg_1_/D
                               13.71          13.90 r        -0.18  (VIOLATED)
   inst_top/our_hash_core/H0_reg_2_/D
                               13.71          13.90 r        -0.18  (VIOLATED)
   inst_top/our_hash_core/H2_reg_9_/D
                               13.71          13.90 r        -0.18  (VIOLATED)
   inst_top/our_hash_core/H2_reg_12_/D
                               13.71          13.90 r        -0.18  (VIOLATED)
   inst_top/our_hash_core/H2_reg_13_/D
                               13.71          13.90 r        -0.18  (VIOLATED)
   inst_top/our_hash_core/H2_reg_14_/D
                               13.71          13.90 r        -0.18  (VIOLATED)
   inst_top/our_hash_core/H2_reg_15_/D
                               13.71          13.90 r        -0.18  (VIOLATED)
   inst_top/our_hash_core/H2_reg_17_/D
                               13.71          13.90 r        -0.18  (VIOLATED)
   inst_top/our_hash_core/H2_reg_18_/D
                               13.71          13.90 r        -0.18  (VIOLATED)
   inst_top/our_hash_core/H2_reg_19_/D
                               13.71          13.90 r        -0.18  (VIOLATED)
   inst_top/our_hash_core/H2_reg_21_/D
                               13.71          13.90 r        -0.18  (VIOLATED)
   inst_top/our_hash_core/H2_reg_22_/D
                               13.71          13.90 r        -0.18  (VIOLATED)
   inst_top/our_hash_core/H2_reg_26_/D
                               13.71          13.90 r        -0.18  (VIOLATED)
   inst_top/our_hash_core/H2_reg_27_/D
                               13.71          13.90 r        -0.18  (VIOLATED)
   inst_top/our_hash_core/D_reg_5_/D
                               13.62          13.80 f        -0.18  (VIOLATED)
   inst_top/our_hash_core/D_reg_1_/D
                               13.62          13.80 f        -0.18  (VIOLATED)
   inst_top/our_hash_core/C_reg_10_/D
                               13.64          13.82 f        -0.18  (VIOLATED)
   inst_top/our_hash_core/C_reg_11_/D
                               13.64          13.82 f        -0.18  (VIOLATED)
   inst_top/our_hash_core/C_reg_20_/D
                               13.64          13.82 f        -0.18  (VIOLATED)
   inst_top/our_hash_core/C_reg_16_/D
                               13.64          13.82 f        -0.17  (VIOLATED)
   inst_top/our_hash_core/G_reg_11_/D
                               13.43          13.60 f        -0.17  (VIOLATED)
   inst_top/our_hash_core/G_reg_12_/D
                               13.43          13.60 f        -0.17  (VIOLATED)
   inst_top/our_hash_core/C_reg_21_/D
                               13.70          13.87 r        -0.17  (VIOLATED)
   inst_top/our_hash_core/C_reg_22_/D
                               13.70          13.87 r        -0.17  (VIOLATED)
   inst_top/our_hash_core/H0_reg_11_/D
                               13.66          13.81 f        -0.15  (VIOLATED)
   inst_top/our_hash_core/H0_reg_18_/D
                               13.66          13.81 f        -0.15  (VIOLATED)
   inst_top/our_hash_core/H0_reg_24_/D
                               13.66          13.81 f        -0.15  (VIOLATED)
   inst_top/our_hash_core/H0_reg_28_/D
                               13.66          13.81 f        -0.15  (VIOLATED)
   inst_top/our_hash_core/H4_reg_27_/D
                               13.66          13.81 f        -0.15  (VIOLATED)
   inst_top/our_hash_core/H4_reg_31_/D
                               13.66          13.81 f        -0.15  (VIOLATED)
   inst_top/our_hash_core/H7_reg_31_/D
                               13.66          13.81 f        -0.15  (VIOLATED)
   inst_top/our_hash_core/D_reg_8_/D
                               13.63          13.77 f        -0.14  (VIOLATED)
   inst_top/our_hash_core/D_reg_10_/D
                               13.63          13.77 f        -0.14  (VIOLATED)
   inst_top/our_hash_core/D_reg_12_/D
                               13.63          13.77 f        -0.14  (VIOLATED)
   inst_top/our_hash_core/D_reg_13_/D
                               13.63          13.77 f        -0.14  (VIOLATED)
   inst_top/our_hash_core/D_reg_14_/D
                               13.63          13.77 f        -0.14  (VIOLATED)
   inst_top/our_hash_core/D_reg_3_/D
                               13.63          13.77 f        -0.14  (VIOLATED)
   inst_top/our_hash_core/D_reg_4_/D
                               13.63          13.77 f        -0.14  (VIOLATED)
   inst_top/our_hash_core/G_reg_23_/D
                               13.70          13.81 r        -0.11  (VIOLATED)
   inst_top/our_hash_core/G_reg_24_/D
                               13.70          13.81 r        -0.11  (VIOLATED)
   inst_top/our_hash_core/G_reg_25_/D
                               13.70          13.81 r        -0.11  (VIOLATED)
   inst_top/our_hash_core/G_reg_26_/D
                               13.70          13.81 r        -0.11  (VIOLATED)
   inst_top/our_hash_core/G_reg_27_/D
                               13.70          13.81 r        -0.11  (VIOLATED)
   inst_top/our_hash_core/G_reg_22_/D
                               13.71          13.82 r        -0.11  (VIOLATED)
   inst_top/our_hash_core/G_reg_21_/D
                               13.71          13.82 r        -0.10  (VIOLATED)
   inst_top/our_hash_core/F_reg_18_/D
                               13.69          13.79 r        -0.10  (VIOLATED)
   inst_top/our_hash_core/F_reg_14_/D
                               13.70          13.79 r        -0.09  (VIOLATED)
   inst_top/our_hash_core/F_reg_16_/D
                               13.70          13.79 r        -0.09  (VIOLATED)
   inst_top/our_message_schedule/Wt_reg_25_/D
                               13.66          13.75 f        -0.09  (VIOLATED)
   inst_top/our_hash_core/B_reg_3_/D
                               13.49          13.58 f        -0.09  (VIOLATED)
   inst_top/our_hash_core/C_reg_25_/D
                               13.70          13.78 r        -0.07  (VIOLATED)
   inst_top/our_hash_core/C_reg_24_/D
                               13.70          13.78 r        -0.07  (VIOLATED)
   inst_top/our_hash_core/E_reg_13_/D
                               13.48          13.55 f        -0.07  (VIOLATED)
   inst_top/our_hash_core/A_reg_13_/D
                               13.63          13.70 r        -0.07  (VIOLATED)
   inst_top/our_hash_core/G_reg_15_/D
                               13.70          13.76 r        -0.07  (VIOLATED)
   inst_top/our_hash_core/C_reg_23_/D
                               13.64          13.71 f        -0.07  (VIOLATED)
   inst_top/our_hash_core/B_reg_4_/D
                               13.64          13.71 r        -0.06  (VIOLATED)
   inst_top/our_hash_core/D_reg_15_/D
                               13.70          13.76 r        -0.06  (VIOLATED)
   inst_top/our_hash_core/F_reg_13_/D
                               13.70          13.76 r        -0.06  (VIOLATED)
   inst_top/our_hash_core/H_reg_16_/D
                               13.70          13.76 r        -0.06  (VIOLATED)
   inst_top/our_hash_core/H4_reg_25_/D
                               13.64          13.70 r        -0.06  (VIOLATED)
   inst_top/our_hash_core/H6_reg_29_/D
                               13.64          13.70 r        -0.06  (VIOLATED)
   inst_top/our_hash_core/H0_reg_17_/D
                               13.64          13.69 r        -0.06  (VIOLATED)
   inst_top/our_hash_core/H0_reg_21_/D
                               13.64          13.69 r        -0.06  (VIOLATED)
   inst_top/our_hash_core/H2_reg_31_/D
                               13.64          13.69 r        -0.06  (VIOLATED)
   inst_top/our_hash_core/H4_reg_7_/D
                               13.64          13.69 r        -0.06  (VIOLATED)
   inst_top/our_hash_core/H4_reg_11_/D
                               13.64          13.69 r        -0.06  (VIOLATED)
   inst_top/our_hash_core/H4_reg_13_/D
                               13.64          13.69 r        -0.06  (VIOLATED)
   inst_top/our_hash_core/H4_reg_16_/D
                               13.64          13.69 r        -0.06  (VIOLATED)
   inst_top/our_hash_core/H6_reg_30_/D
                               13.64          13.69 r        -0.06  (VIOLATED)
   inst_top/our_hash_core/H6_reg_31_/D
                               13.64          13.69 r        -0.06  (VIOLATED)
   inst_top/our_hash_core/F_reg_24_/D
                               13.70          13.76 r        -0.06  (VIOLATED)
   inst_top/our_hash_core/H2_reg_24_/D
                               13.64          13.69 r        -0.06  (VIOLATED)
   inst_top/our_hash_core/H0_reg_31_/D
                               13.64          13.69 r        -0.06  (VIOLATED)
   inst_top/our_hash_core/H2_reg_3_/D
                               13.64          13.69 r        -0.06  (VIOLATED)
   inst_top/our_hash_core/H2_reg_10_/D
                               13.64          13.69 r        -0.06  (VIOLATED)
   inst_top/our_hash_core/H6_reg_2_/D
                               13.64          13.69 r        -0.06  (VIOLATED)
   inst_top/our_hash_core/H6_reg_4_/D
                               13.64          13.69 r        -0.06  (VIOLATED)
   inst_top/our_hash_core/H6_reg_6_/D
                               13.64          13.69 r        -0.06  (VIOLATED)
   inst_top/our_hash_core/H6_reg_10_/D
                               13.64          13.69 r        -0.06  (VIOLATED)
   inst_top/our_hash_core/H6_reg_22_/D
                               13.64          13.69 r        -0.06  (VIOLATED)
   inst_top/our_hash_core/H7_reg_7_/D
                               13.64          13.69 r        -0.06  (VIOLATED)
   inst_top/our_hash_core/H7_reg_19_/D
                               13.64          13.69 r        -0.06  (VIOLATED)
   inst_top/our_hash_core/H2_reg_16_/D
                               13.64          13.69 r        -0.06  (VIOLATED)
   inst_top/our_hash_core/H7_reg_16_/D
                               13.64          13.69 r        -0.06  (VIOLATED)
   inst_top/our_hash_core/H7_reg_1_/D
                               13.64          13.70 r        -0.06  (VIOLATED)
   inst_top/our_hash_core/F_reg_20_/D
                               13.70          13.76 r        -0.06  (VIOLATED)
   inst_top/our_hash_core/F_reg_19_/D
                               13.70          13.76 r        -0.06  (VIOLATED)
   inst_top/our_hash_core/D_reg_20_/D
                               13.70          13.75 r        -0.05  (VIOLATED)
   inst_top/our_hash_core/H_reg_18_/D
                               13.70          13.75 r        -0.05  (VIOLATED)
   inst_top/our_hash_core/B_reg_8_/D
                               13.64          13.69 r        -0.05  (VIOLATED)
   inst_top/our_hash_core/Kt_reg_7_/D
                               13.47          13.52 f        -0.05  (VIOLATED)
   inst_top/our_hash_core/D_reg_11_/D
                               13.64          13.69 f        -0.04  (VIOLATED)
   inst_top/our_hash_core/H_reg_17_/D
                               13.69          13.73 r        -0.04  (VIOLATED)
   inst_top/our_hash_core/D_reg_6_/D
                               13.69          13.73 r        -0.04  (VIOLATED)
   inst_top/our_hash_core/H_reg_13_/D
                               13.70          13.75 r        -0.04  (VIOLATED)
   inst_top/our_hash_core/D_reg_7_/D
                               13.69          13.73 r        -0.04  (VIOLATED)
   inst_top/our_hash_core/G_reg_14_/D
                               13.69          13.73 r        -0.04  (VIOLATED)
   inst_top/our_hash_core/A_reg_16_/D
                               13.48          13.52 f        -0.04  (VIOLATED)
   inst_top/our_hash_core/H_reg_12_/D
                               13.70          13.73 r        -0.03  (VIOLATED)
   inst_top/our_hash_core/H_reg_19_/D
                               13.70          13.73 r        -0.03  (VIOLATED)
   inst_top/our_hash_core/H_reg_20_/D
                               13.70          13.73 r        -0.03  (VIOLATED)
   inst_top/our_hash_core/Kt_reg_15_/D
                               13.64          13.66 r        -0.02  (VIOLATED)
   inst_top/our_hash_core/B_reg_12_/D
                               13.71          13.72 r        -0.01  (VIOLATED)


   min_delay/hold ('clk' group)

                             Required        Actual
   Endpoint                 Path Delay     Path Delay        Slack
   -----------------------------------------------------------------
   inst_top/our_message_schedule/R6_reg_2_/D
                                4.75           4.65 f        -0.10  (VIOLATED)
   inst_top/our_message_schedule/R14_reg_0_/D
                                4.75           4.65 f        -0.10  (VIOLATED)
   inst_top/our_message_schedule/R14_reg_1_/D
                                4.75           4.65 f        -0.10  (VIOLATED)
   inst_top/our_message_schedule/R14_reg_2_/D
                                4.75           4.65 f        -0.10  (VIOLATED)
   inst_top/our_message_schedule/R14_reg_6_/D
                                4.75           4.65 f        -0.10  (VIOLATED)
   inst_top/our_message_schedule/R14_reg_10_/D
                                4.75           4.65 f        -0.10  (VIOLATED)
   inst_top/our_message_schedule/R14_reg_16_/D
                                4.75           4.65 f        -0.10  (VIOLATED)
   inst_top/our_message_schedule/R14_reg_17_/D
                                4.75           4.65 f        -0.10  (VIOLATED)
   inst_top/our_message_schedule/R14_reg_27_/D
                                4.75           4.65 f        -0.10  (VIOLATED)
   inst_top/our_message_schedule/R14_reg_28_/D
                                4.75           4.65 f        -0.10  (VIOLATED)
   inst_top/our_message_schedule/R14_reg_29_/D
                                4.75           4.65 f        -0.10  (VIOLATED)
   inst_top/our_message_schedule/R14_reg_30_/D
                                4.75           4.65 f        -0.10  (VIOLATED)
   inst_top/our_message_schedule/R14_reg_31_/D
                                4.75           4.65 f        -0.10  (VIOLATED)
   inst_top/our_message_schedule/R2_reg_10_/D
                                4.64           4.55 f        -0.09  (VIOLATED)
   inst_top/our_message_schedule/R2_reg_17_/D
                                4.64           4.55 f        -0.09  (VIOLATED)
   inst_top/our_message_schedule/R2_reg_18_/D
                                4.64           4.55 f        -0.09  (VIOLATED)
   inst_top/our_message_schedule/R15_reg_3_/D
                                4.64           4.55 f        -0.09  (VIOLATED)
   inst_top/our_message_schedule/R15_reg_5_/D
                                4.64           4.55 f        -0.09  (VIOLATED)
   inst_top/our_message_schedule/R15_reg_21_/D
                                4.64           4.55 f        -0.09  (VIOLATED)
   inst_top/our_message_schedule/R15_reg_23_/D
                                4.64           4.55 f        -0.09  (VIOLATED)
   inst_top/our_message_schedule/R15_reg_24_/D
                                4.64           4.55 f        -0.09  (VIOLATED)
   inst_top/our_message_schedule/R1_reg_6_/D
                                4.74           4.66 f        -0.09  (VIOLATED)
   inst_top/our_message_schedule/R1_reg_5_/D
                                4.74           4.66 f        -0.09  (VIOLATED)
   inst_top/our_message_schedule/R1_reg_14_/D
                                4.74           4.66 f        -0.09  (VIOLATED)
   inst_top/our_message_schedule/R1_reg_8_/D
                                4.74           4.66 f        -0.08  (VIOLATED)
   inst_top/our_message_schedule/R1_reg_15_/D
                                4.74           4.66 f        -0.08  (VIOLATED)
   inst_top/our_message_schedule/R1_reg_2_/D
                                4.74           4.66 f        -0.08  (VIOLATED)
   inst_top/our_message_schedule/R1_reg_9_/D
                                4.74           4.66 f        -0.08  (VIOLATED)
   inst_top/our_message_schedule/R15_reg_18_/D
                                4.64           4.58 f        -0.06  (VIOLATED)
   inst_top/our_message_schedule/R1_reg_7_/D
                                4.74           4.68 f        -0.06  (VIOLATED)
   inst_top/our_message_schedule/R2_reg_0_/D
                                4.64           4.59 f        -0.05  (VIOLATED)
   inst_top/our_message_schedule/R2_reg_11_/D
                                4.64           4.59 f        -0.05  (VIOLATED)
   inst_top/our_message_schedule/R2_reg_20_/D
                                4.63           4.61 f        -0.02  (VIOLATED)
   inst_top/our_message_schedule/R2_reg_21_/D
                                4.63           4.61 f        -0.02  (VIOLATED)
   inst_top/our_message_schedule/R7_reg_0_/D
                                4.63           4.61 f        -0.02  (VIOLATED)
   inst_top/our_message_schedule/R15_reg_4_/D
                                4.63           4.61 f        -0.02  (VIOLATED)
   inst_top/our_message_schedule/R6_reg_0_/D
                                4.67           4.65 f        -0.02  (VIOLATED)
   inst_top/our_message_schedule/R14_reg_3_/D
                                4.67           4.65 f        -0.02  (VIOLATED)
   inst_top/our_message_schedule/R14_reg_4_/D
                                4.67           4.65 f        -0.02  (VIOLATED)
   inst_top/our_message_schedule/R14_reg_5_/D
                                4.67           4.65 f        -0.02  (VIOLATED)
   inst_top/our_message_schedule/R14_reg_7_/D
                                4.67           4.65 f        -0.02  (VIOLATED)
   inst_top/our_message_schedule/R14_reg_8_/D
                                4.67           4.65 f        -0.02  (VIOLATED)
   inst_top/our_message_schedule/R14_reg_9_/D
                                4.67           4.65 f        -0.02  (VIOLATED)
   inst_top/our_message_schedule/R14_reg_18_/D
                                4.67           4.65 f        -0.02  (VIOLATED)
   inst_top/our_message_schedule/R14_reg_19_/D
                                4.67           4.65 f        -0.02  (VIOLATED)
   inst_top/our_message_schedule/R14_reg_21_/D
                                4.67           4.65 f        -0.02  (VIOLATED)
   inst_top/our_message_schedule/R14_reg_23_/D
                                4.67           4.65 f        -0.02  (VIOLATED)
   inst_top/our_message_schedule/R14_reg_24_/D
                                4.67           4.65 f        -0.02  (VIOLATED)
   inst_top/our_message_schedule/R2_reg_19_/D
                                4.63           4.62 f        -0.01  (VIOLATED)
   inst_top/our_message_schedule/R1_reg_10_/D
                                4.66           4.66 f         0.00  (VIOLATED: increase signficant digits)


1
