Information: Updating graph... (UID-83)
Warning: Design 'sha256_chip' contains 1 high-fanout nets. A fanout number of 1000 will be used for delay calculations involving these nets. (TIM-134)
Information: Updating design information... (UID-85)
Warning: Design 'sha256_chip' contains 1 high-fanout nets. A fanout number of 1000 will be used for delay calculations involving these nets. (TIM-134)
 
****************************************
Report : constraint
        -all_violators
Design : sha256_chip
Version: D-2010.03-SP5-3
Date   : Thu Mar 21 11:50:01 2019
****************************************


   min_delay/hold ('clk' group)

                             Required        Actual
   Endpoint                 Path Delay     Path Delay        Slack
   -----------------------------------------------------------------
   inst_top/our_message_schedule/R6_reg[0]/D
                                4.67           4.65 f        -0.02  (VIOLATED)
   inst_top/our_message_schedule/R6_reg[1]/D
                                4.67           4.65 f        -0.02  (VIOLATED)
   inst_top/our_message_schedule/R7_reg[1]/D
                                4.63           4.62 f        -0.01  (VIOLATED)


1
